# control: rejoin
# broken on purpose: a node that rejoins after a split keeps its cache (Dandelion.Cache.Listener no longer clears on :nodeup)
# expected: the proof FAILS after 'split: node1 alone' and never reaches 'node1's cache was emptied when it rejoined'
# commit: 082414c, recorded 2026-10-02T17:23Z
# verdict: ok

17:21:56 before the split:
17:21:57   ok  three nodes, each sees the other two
17:21:59   ok  presence: 3 viewers (one per node), visible on every node
17:22:00   ok  exactly one cron leader (Oban, through Postgres)
17:22:01   ok  SPLIT-1790961715 read on all 3 nodes: each caches 1500
17:22:01 during the split:
17:22:04   ok  split: node1 alone | node2 + node3 together (both halves still reach Postgres)
17:22:07   ok  a live broadcast on node1 did not reach node2 (fire and forget: lost across a split)
17:22:08   ok  price changed on node2's side: node2 and node3 read 1700, cut-off node1 still serves the old 1500
17:22:10   ok  10 orders made on both sides: 20 subscriber jobs, each completed once (1 attempt)
17:22:11   ok  still exactly one cron leader during the split
17:22:15   ok  order 11: payment sent on node1's side, refund on node2's side: ran in that order (refunded)
17:22:16 presence during the split:
17:22:32   ok  each half sees only its own viewers: node1 1, node2 2, node3 2
17:22:32 after the heal:
17:22:33   ok  the halves found each other again (1 s after the cookies were restored)
17:22:59 FAIL  node1 kept SPLIT2-1790961715 in its cache after rejoining
