# commit: c6aa6cc
# recorded: 2026-09-30T12:47Z
# machine: Linux 7.2.7-arch1-1, docker 29.8.1
# runtime: 1.20.4, OTP 29
# library: test/dandelion/pubsub_test.exs
Running ExUnit with seed: 71248, max_cases: 1


Dandelion.PubSubTest [test/dandelion/pubsub_test.exs]
  test the events are saved with the caller's transaction, or not at all (43 ms)
  test one job per subscriber, each with the topic and payload (9 ms)
  test a topic that isn't listed is an error (2 ms)
  test a topic with no subscribers queues nothing (0 ms)

Finished in 0.1 seconds (0.1s async, 0.00s sync)

Result: 4 passed

# example: test/platform/pubsub_test.exs (order + event in one transaction)
Running ExUnit with seed: 194320, max_cases: 1


Platform.PubSubTest [test/platform/pubsub_test.exs]
  test every topic's subscribers are Oban workers (2 ms)
  test the event is saved with the order or not at all (5.8 s)

  1) test the event is saved with the order or not at all (Platform.PubSubTest)
     test/platform/pubsub_test.exs:26
     ** (KeyError) key :price_cents not found in:

         %Cachex.Error{
           message: "could not checkout the connection owned by #PID<0.525.0> ({Platform.PubSubTest, :\"test the event is saved with the order or not at all\"}). When using the sandbox, connections are shared, so this may imply another process is using a connection. Reason: connection not available and request was dropped from queue after 990ms. You can configure how long requests wait in the queue using :queue_target and :queue_interval. See DBConnection.start_link/2 for more information",
           stack: [
             {Ecto.Adapters.SQL, :raise_sql_call_error, 1,
              [
                file: ~c"lib/ecto/adapters/sql.ex",
                line: 1121,
                error_info: %{module: Exception}
              ]},
             {Ecto.Adapters.SQL, :execute, 6,
              [file: ~c"lib/ecto/adapters/sql.ex", line: 1019]},
             {Ecto.Repo.Queryable, :execute, 4,
              [file: ~c"lib/ecto/repo/queryable.ex", line: 248]},
             {Ecto.Repo.Queryable, :all, 3,
              [file: ~c"lib/ecto/repo/queryable.ex", line: 19]},
             {Ecto.Repo.Queryable, :one, 3,
              [file: ~c"lib/ecto/repo/queryable.ex", line: 168]},
             {Dandelion.Cache, :"-fetch/2-fun-0-", 2,
              [file: ~c"lib/dandelion/cache.ex", line: 65]},
             {Cachex.Services.Courier, :"-handle_call/3-fun-0-", 7,
              [file: ~c"lib/cachex/services/courier.ex", line: 83]},
             {Cachex.Services.Courier, :dispatch, 3,
              [file: ~c"lib/cachex/services/courier.ex", line: 43]},
             {Cachex.Router, :route_local, 3,
              [file: ~c"lib/cachex/router.ex", line: 182]},
             {Dandelion.Cache, :fetch, 2, [file: ~c"lib/dandelion/cache.ex", line: 64]},
             {App.Shop.Services.ProductService, :get, 1,
              [file: ~c"lib/app/shop/services/product_service.ex", line: 16]},
             {App.Shop.Services.OrderService, :"-price_items/1-fun-0-", 2,
              [file: ~c"lib/app/shop/services/order_service.ex", line: 141]},
             {Enum, :"-reduce/3-lists^foldl/2-0-", 3,
              [file: ~c"lib/enum.ex", line: 2622]},
             {App.Shop.Services.OrderService, :price_items, 1,
              [file: ~c"lib/app/shop/services/order_service.ex", line: 140]},
             {App.Shop.Services.OrderService, :create, 1,
              [file: ~c"lib/app/shop/services/order_service.ex", line: 41]},
             {Platform.PubSubTest,
              :"-test the event is saved with the order or not at all/1-fun-0-", 0,
              [file: ~c"test/platform/pubsub_test.exs", line: 28]},
             {Ecto.Repo.Transaction, :"-transact/4-fun-1-", 3,
              [file: ~c"lib/ecto/repo/transaction.ex", line: 11]},
             {Ecto.Adapters.SQL, :"-checkout_or_transaction/4-fun-0-", 3,
              [file: ~c"lib/ecto/adapters/sql.ex", line: 1481]},
             {DBConnection, :run_transaction, 5,
              [file: ~c"lib/db_connection.ex", line: 1760]},
             {Platform.PubSubTest,
              :"test the event is saved with the order or not at all", 1,
              [file: ~c"test/platform/pubsub_test.exs", line: 27]},
             {ExUnit.Runner, :exec_test, 2, [file: ~c"lib/ex_unit/runner.ex", line: 533]},
             {:timer, :tc, 2, [file: ~c"timer.erl", line: 599]},
             {ExUnit.Runner, :"-spawn_test_monitor/4-fun-1-", 6,
              [file: ~c"lib/ex_unit/runner.ex", line: 455]}
           ]
         }

     code: Repo.transact(fn ->
     stacktrace:
       (acme 0.1.0) lib/app/shop/services/order_service.ex:157: App.Shop.Services.OrderService.price_item/2
       (elixir 1.20.4) lib/enum.ex:1725: Enum."-map/2-lists^map/1-1-"/2
       (acme 0.1.0) lib/app/shop/services/order_service.ex:146: App.Shop.Services.OrderService.price_items/1
       (acme 0.1.0) lib/app/shop/services/order_service.ex:41: App.Shop.Services.OrderService.create/1
       test/platform/pubsub_test.exs:28: anonymous fn/0 in Platform.PubSubTest."test the event is saved with the order or not at all"/1
       (ecto 3.14.2) lib/ecto/repo/transaction.ex:11: anonymous fn/3 in Ecto.Repo.Transaction.transact/4
       (ecto_sql 3.14.0) lib/ecto/adapters/sql.ex:1481: anonymous fn/3 in Ecto.Adapters.SQL.checkout_or_transaction/4
       (db_connection 2.10.2) lib/db_connection.ex:1760: DBConnection.run_transaction/5
       test/platform/pubsub_test.exs:27: (test)

  test an invalid order publishes nothing (16 ms)
  test an order is broadcast live after it is saved (20 ms)
  test an order is published to every subscriber of order.created (13 ms)

Finished in 5.8 seconds (5.8s async, 0.00s sync)

Result: 4/5 passed
Failed: 1 test
